// Jest Snapshot v1, https://goo.gl/fbAQLP

exports[`Example test should be able to find the Footer component 1`] = `
<div
  class="c-footer row"
>
  <div
    class="col-12"
  >
    <router-link
      to="/"
    >
       Teloscan 
    </router-link>
     © 2022
  </div>
</div>
`;
